W0930 10:03:38.375000 40683 torch/distributed/elastic/multiprocessing/redirects.py:35] NOTE: Redirects are currently not supported in MacOs.
09/30/2026 10:03:39:WARNING:Ignoring drop_last as it is not compatible with DPDataLoader.
09/30/2026 10:03:58:WARNING:Ignoring drop_last as it is not compatible with DPDataLoader.
09/30/2026 10:04:18:WARNING:Ignoring drop_last as it is not compatible with DPDataLoader.
09/30/2026 10:04:35:WARNING:Ignoring drop_last as it is not compatible with DPDataLoader.
09/30/2026 10:04:53:WARNING:Ignoring drop_last as it is not compatible with DPDataLoader.
09/30/2026 10:05:11:WARNING:Ignoring drop_last as it is not compatible with DPDataLoader.
09/30/2026 10:05:30:WARNING:Ignoring drop_last as it is not compatible with DPDataLoader.
09/30/2026 10:05:50:WARNING:Ignoring drop_last as it is not compatible with DPDataLoader.
09/30/2026 10:06:10:WARNING:Ignoring drop_last as it is not compatible with DPDataLoader.
09/30/2026 10:06:28:WARNING:Ignoring drop_last as it is not compatible with DPDataLoader.
09/30/2026 10:06:45:WARNING:Ignoring drop_last as it is not compatible with DPDataLoader.
09/30/2026 10:07:04:WARNING:Ignoring drop_last as it is not compatible with DPDataLoader.
09/30/2026 10:07:23:WARNING:Ignoring drop_last as it is not compatible with DPDataLoader.
09/30/2026 10:07:42:WARNING:Ignoring drop_last as it is not compatible with DPDataLoader.
09/30/2026 10:08:02:WARNING:Ignoring drop_last as it is not compatible with DPDataLoader.
09/30/2026 10:08:20:WARNING:Ignoring drop_last as it is not compatible with DPDataLoader.
09/30/2026 10:08:36:WARNING:Ignoring drop_last as it is not compatible with DPDataLoader.
09/30/2026 10:08:52:WARNING:Ignoring drop_last as it is not compatible with DPDataLoader.
09/30/2026 10:09:08:WARNING:Ignoring drop_last as it is not compatible with DPDataLoader.
09/30/2026 10:09:28:WARNING:Ignoring drop_last as it is not compatible with DPDataLoader.
09/30/2026 10:09:46:WARNING:Ignoring drop_last as it is not compatible with DPDataLoader.
09/30/2026 10:10:03:WARNING:Ignoring drop_last as it is not compatible with DPDataLoader.
09/30/2026 10:10:20:WARNING:Ignoring drop_last as it is not compatible with DPDataLoader.
09/30/2026 10:10:39:WARNING:Ignoring drop_last as it is not compatible with DPDataLoader.
09/30/2026 10:11:00:WARNING:Ignoring drop_last as it is not compatible with DPDataLoader.
09/30/2026 10:11:21:WARNING:Ignoring drop_last as it is not compatible with DPDataLoader.
09/30/2026 10:11:44:WARNING:Ignoring drop_last as it is not compatible with DPDataLoader.
09/30/2026 10:12:12:WARNING:Ignoring drop_last as it is not compatible with DPDataLoader.
09/30/2026 10:12:32:WARNING:Ignoring drop_last as it is not compatible with DPDataLoader.
09/30/2026 10:12:58:WARNING:Ignoring drop_last as it is not compatible with DPDataLoader.
09/30/2026 10:13:16:WARNING:Ignoring drop_last as it is not compatible with DPDataLoader.
09/30/2026 10:13:34:WARNING:Ignoring drop_last as it is not compatible with DPDataLoader.
09/30/2026 10:13:55:WARNING:Ignoring drop_last as it is not compatible with DPDataLoader.
09/30/2026 10:14:21:WARNING:Ignoring drop_last as it is not compatible with DPDataLoader.
09/30/2026 10:14:42:WARNING:Ignoring drop_last as it is not compatible with DPDataLoader.
09/30/2026 10:15:12:WARNING:Ignoring drop_last as it is not compatible with DPDataLoader.
09/30/2026 10:15:37:WARNING:Ignoring drop_last as it is not compatible with DPDataLoader.
09/30/2026 10:15:55:WARNING:Ignoring drop_last as it is not compatible with DPDataLoader.
09/30/2026 10:16:14:WARNING:Ignoring drop_last as it is not compatible with DPDataLoader.
09/30/2026 10:16:32:WARNING:Ignoring drop_last as it is not compatible with DPDataLoader.
09/30/2026 10:16:49:WARNING:Ignoring drop_last as it is not compatible with DPDataLoader.
09/30/2026 10:17:08:WARNING:Ignoring drop_last as it is not compatible with DPDataLoader.
09/30/2026 10:17:26:WARNING:Ignoring drop_last as it is not compatible with DPDataLoader.
09/30/2026 10:17:44:WARNING:Ignoring drop_last as it is not compatible with DPDataLoader.
09/30/2026 10:18:13:WARNING:Ignoring drop_last as it is not compatible with DPDataLoader.
09/30/2026 10:18:29:WARNING:Ignoring drop_last as it is not compatible with DPDataLoader.
09/30/2026 10:18:46:WARNING:Ignoring drop_last as it is not compatible with DPDataLoader.
09/30/2026 10:19:02:WARNING:Ignoring drop_last as it is not compatible with DPDataLoader.
09/30/2026 10:19:20:WARNING:Ignoring drop_last as it is not compatible with DPDataLoader.
09/30/2026 10:19:37:WARNING:Ignoring drop_last as it is not compatible with DPDataLoader.
09/30/2026 10:19:53:WARNING:Ignoring drop_last as it is not compatible with DPDataLoader.
09/30/2026 10:20:10:WARNING:Ignoring drop_last as it is not compatible with DPDataLoader.
09/30/2026 10:20:28:WARNING:Ignoring drop_last as it is not compatible with DPDataLoader.
09/30/2026 10:20:45:WARNING:Ignoring drop_last as it is not compatible with DPDataLoader.
09/30/2026 10:21:02:WARNING:Ignoring drop_last as it is not compatible with DPDataLoader.
09/30/2026 10:21:20:WARNING:Ignoring drop_last as it is not compatible with DPDataLoader.
09/30/2026 10:21:37:WARNING:Ignoring drop_last as it is not compatible with DPDataLoader.
09/30/2026 10:21:54:WARNING:Ignoring drop_last as it is not compatible with DPDataLoader.
09/30/2026 10:22:10:WARNING:Ignoring drop_last as it is not compatible with DPDataLoader.
09/30/2026 10:22:28:WARNING:Ignoring drop_last as it is not compatible with DPDataLoader.
09/30/2026 10:22:47:WARNING:Ignoring drop_last as it is not compatible with DPDataLoader.
09/30/2026 10:23:03:WARNING:Ignoring drop_last as it is not compatible with DPDataLoader.
09/30/2026 10:23:20:WARNING:Ignoring drop_last as it is not compatible with DPDataLoader.
09/30/2026 10:23:36:WARNING:Ignoring drop_last as it is not compatible with DPDataLoader.
09/30/2026 10:23:53:WARNING:Ignoring drop_last as it is not compatible with DPDataLoader.
09/30/2026 10:24:10:WARNING:Ignoring drop_last as it is not compatible with DPDataLoader.
09/30/2026 10:24:31:WARNING:Ignoring drop_last as it is not compatible with DPDataLoader.
09/30/2026 10:24:51:WARNING:Ignoring drop_last as it is not compatible with DPDataLoader.
09/30/2026 10:25:07:WARNING:Ignoring drop_last as it is not compatible with DPDataLoader.
09/30/2026 10:25:27:WARNING:Ignoring drop_last as it is not compatible with DPDataLoader.
09/30/2026 10:25:49:WARNING:Ignoring drop_last as it is not compatible with DPDataLoader.
09/30/2026 10:26:06:WARNING:Ignoring drop_last as it is not compatible with DPDataLoader.
09/30/2026 10:26:24:WARNING:Ignoring drop_last as it is not compatible with DPDataLoader.
09/30/2026 10:26:43:WARNING:Ignoring drop_last as it is not compatible with DPDataLoader.
09/30/2026 10:27:00:WARNING:Ignoring drop_last as it is not compatible with DPDataLoader.
09/30/2026 10:27:19:WARNING:Ignoring drop_last as it is not compatible with DPDataLoader.
09/30/2026 10:27:36:WARNING:Ignoring drop_last as it is not compatible with DPDataLoader.
09/30/2026 10:27:52:WARNING:Ignoring drop_last as it is not compatible with DPDataLoader.
09/30/2026 10:28:11:WARNING:Ignoring drop_last as it is not compatible with DPDataLoader.
09/30/2026 10:28:27:WARNING:Ignoring drop_last as it is not compatible with DPDataLoader.
09/30/2026 10:28:46:WARNING:Ignoring drop_last as it is not compatible with DPDataLoader.
09/30/2026 10:29:03:WARNING:Ignoring drop_last as it is not compatible with DPDataLoader.
09/30/2026 10:29:19:WARNING:Ignoring drop_last as it is not compatible with DPDataLoader.
09/30/2026 10:29:37:WARNING:Ignoring drop_last as it is not compatible with DPDataLoader.
09/30/2026 10:29:57:WARNING:Ignoring drop_last as it is not compatible with DPDataLoader.
09/30/2026 10:30:15:WARNING:Ignoring drop_last as it is not compatible with DPDataLoader.
09/30/2026 10:30:32:WARNING:Ignoring drop_last as it is not compatible with DPDataLoader.
09/30/2026 10:30:51:WARNING:Ignoring drop_last as it is not compatible with DPDataLoader.
09/30/2026 10:31:09:WARNING:Ignoring drop_last as it is not compatible with DPDataLoader.
09/30/2026 10:31:27:WARNING:Ignoring drop_last as it is not compatible with DPDataLoader.
09/30/2026 10:31:44:WARNING:Ignoring drop_last as it is not compatible with DPDataLoader.
09/30/2026 10:32:01:WARNING:Ignoring drop_last as it is not compatible with DPDataLoader.
09/30/2026 10:32:20:WARNING:Ignoring drop_last as it is not compatible with DPDataLoader.
09/30/2026 10:32:40:WARNING:Ignoring drop_last as it is not compatible with DPDataLoader.
09/30/2026 10:32:57:WARNING:Ignoring drop_last as it is not compatible with DPDataLoader.
09/30/2026 10:33:17:WARNING:Ignoring drop_last as it is not compatible with DPDataLoader.
09/30/2026 10:33:35:WARNING:Ignoring drop_last as it is not compatible with DPDataLoader.
09/30/2026 10:33:53:WARNING:Ignoring drop_last as it is not compatible with DPDataLoader.
09/30/2026 10:34:10:WARNING:Ignoring drop_last as it is not compatible with DPDataLoader.
09/30/2026 10:34:27:WARNING:Ignoring drop_last as it is not compatible with DPDataLoader.
09/30/2026 10:34:43:WARNING:Ignoring drop_last as it is not compatible with DPDataLoader.
09/30/2026 10:34:59:WARNING:Ignoring drop_last as it is not compatible with DPDataLoader.
09/30/2026 10:35:16:WARNING:Ignoring drop_last as it is not compatible with DPDataLoader.
09/30/2026 10:35:34:WARNING:Ignoring drop_last as it is not compatible with DPDataLoader.
09/30/2026 10:35:50:WARNING:Ignoring drop_last as it is not compatible with DPDataLoader.
09/30/2026 10:36:07:WARNING:Ignoring drop_last as it is not compatible with DPDataLoader.
09/30/2026 10:36:26:WARNING:Ignoring drop_last as it is not compatible with DPDataLoader.
09/30/2026 10:36:47:WARNING:Ignoring drop_last as it is not compatible with DPDataLoader.
09/30/2026 10:37:06:WARNING:Ignoring drop_last as it is not compatible with DPDataLoader.
09/30/2026 10:37:22:WARNING:Ignoring drop_last as it is not compatible with DPDataLoader.
09/30/2026 10:37:40:WARNING:Ignoring drop_last as it is not compatible with DPDataLoader.
09/30/2026 10:37:59:WARNING:Ignoring drop_last as it is not compatible with DPDataLoader.
09/30/2026 10:38:18:WARNING:Ignoring drop_last as it is not compatible with DPDataLoader.
09/30/2026 10:38:37:WARNING:Ignoring drop_last as it is not compatible with DPDataLoader.
09/30/2026 10:38:58:WARNING:Ignoring drop_last as it is not compatible with DPDataLoader.
09/30/2026 10:39:15:WARNING:Ignoring drop_last as it is not compatible with DPDataLoader.
09/30/2026 10:39:33:WARNING:Ignoring drop_last as it is not compatible with DPDataLoader.
09/30/2026 10:39:50:WARNING:Ignoring drop_last as it is not compatible with DPDataLoader.
09/30/2026 10:40:09:WARNING:Ignoring drop_last as it is not compatible with DPDataLoader.
09/30/2026 10:40:26:WARNING:Ignoring drop_last as it is not compatible with DPDataLoader.
09/30/2026 10:40:47:WARNING:Ignoring drop_last as it is not compatible with DPDataLoader.
09/30/2026 10:41:04:WARNING:Ignoring drop_last as it is not compatible with DPDataLoader.
09/30/2026 10:41:26:WARNING:Ignoring drop_last as it is not compatible with DPDataLoader.
09/30/2026 10:41:45:WARNING:Ignoring drop_last as it is not compatible with DPDataLoader.
09/30/2026 10:42:05:WARNING:Ignoring drop_last as it is not compatible with DPDataLoader.
09/30/2026 10:42:22:WARNING:Ignoring drop_last as it is not compatible with DPDataLoader.
09/30/2026 10:42:41:WARNING:Ignoring drop_last as it is not compatible with DPDataLoader.
09/30/2026 10:42:57:WARNING:Ignoring drop_last as it is not compatible with DPDataLoader.
09/30/2026 10:43:17:WARNING:Ignoring drop_last as it is not compatible with DPDataLoader.
09/30/2026 10:43:36:WARNING:Ignoring drop_last as it is not compatible with DPDataLoader.
09/30/2026 10:43:56:WARNING:Ignoring drop_last as it is not compatible with DPDataLoader.
09/30/2026 10:44:14:WARNING:Ignoring drop_last as it is not compatible with DPDataLoader.
09/30/2026 10:44:33:WARNING:Ignoring drop_last as it is not compatible with DPDataLoader.
09/30/2026 10:44:50:WARNING:Ignoring drop_last as it is not compatible with DPDataLoader.
09/30/2026 10:45:07:WARNING:Ignoring drop_last as it is not compatible with DPDataLoader.
09/30/2026 10:45:24:WARNING:Ignoring drop_last as it is not compatible with DPDataLoader.
09/30/2026 10:45:41:WARNING:Ignoring drop_last as it is not compatible with DPDataLoader.
09/30/2026 10:45:58:WARNING:Ignoring drop_last as it is not compatible with DPDataLoader.
09/30/2026 10:46:15:WARNING:Ignoring drop_last as it is not compatible with DPDataLoader.
09/30/2026 10:46:32:WARNING:Ignoring drop_last as it is not compatible with DPDataLoader.
09/30/2026 10:46:50:WARNING:Ignoring drop_last as it is not compatible with DPDataLoader.
09/30/2026 10:47:06:WARNING:Ignoring drop_last as it is not compatible with DPDataLoader.
09/30/2026 10:47:23:WARNING:Ignoring drop_last as it is not compatible with DPDataLoader.
09/30/2026 10:47:42:WARNING:Ignoring drop_last as it is not compatible with DPDataLoader.
09/30/2026 10:48:03:WARNING:Ignoring drop_last as it is not compatible with DPDataLoader.
09/30/2026 10:48:21:WARNING:Ignoring drop_last as it is not compatible with DPDataLoader.
09/30/2026 10:48:39:WARNING:Ignoring drop_last as it is not compatible with DPDataLoader.
09/30/2026 10:48:57:WARNING:Ignoring drop_last as it is not compatible with DPDataLoader.
09/30/2026 10:49:16:WARNING:Ignoring drop_last as it is not compatible with DPDataLoader.
09/30/2026 10:49:35:WARNING:Ignoring drop_last as it is not compatible with DPDataLoader.
09/30/2026 10:49:51:WARNING:Ignoring drop_last as it is not compatible with DPDataLoader.
09/30/2026 10:50:07:WARNING:Ignoring drop_last as it is not compatible with DPDataLoader.
09/30/2026 10:50:23:WARNING:Ignoring drop_last as it is not compatible with DPDataLoader.
09/30/2026 10:50:41:WARNING:Ignoring drop_last as it is not compatible with DPDataLoader.
09/30/2026 10:50:58:WARNING:Ignoring drop_last as it is not compatible with DPDataLoader.
09/30/2026 10:51:14:WARNING:Ignoring drop_last as it is not compatible with DPDataLoader.
09/30/2026 10:51:31:WARNING:Ignoring drop_last as it is not compatible with DPDataLoader.
09/30/2026 10:51:46:WARNING:Ignoring drop_last as it is not compatible with DPDataLoader.
09/30/2026 10:52:04:WARNING:Ignoring drop_last as it is not compatible with DPDataLoader.
09/30/2026 10:52:22:WARNING:Ignoring drop_last as it is not compatible with DPDataLoader.
09/30/2026 10:52:40:WARNING:Ignoring drop_last as it is not compatible with DPDataLoader.
09/30/2026 10:52:58:WARNING:Ignoring drop_last as it is not compatible with DPDataLoader.
09/30/2026 10:53:15:WARNING:Ignoring drop_last as it is not compatible with DPDataLoader.
09/30/2026 10:53:32:WARNING:Ignoring drop_last as it is not compatible with DPDataLoader.
09/30/2026 10:53:49:WARNING:Ignoring drop_last as it is not compatible with DPDataLoader.
09/30/2026 10:54:07:WARNING:Ignoring drop_last as it is not compatible with DPDataLoader.
09/30/2026 10:54:24:WARNING:Ignoring drop_last as it is not compatible with DPDataLoader.
09/30/2026 10:54:40:WARNING:Ignoring drop_last as it is not compatible with DPDataLoader.
09/30/2026 10:54:58:WARNING:Ignoring drop_last as it is not compatible with DPDataLoader.
09/30/2026 10:55:15:WARNING:Ignoring drop_last as it is not compatible with DPDataLoader.
09/30/2026 10:55:31:WARNING:Ignoring drop_last as it is not compatible with DPDataLoader.
09/30/2026 10:55:48:WARNING:Ignoring drop_last as it is not compatible with DPDataLoader.
09/30/2026 10:56:04:WARNING:Ignoring drop_last as it is not compatible with DPDataLoader.
09/30/2026 10:56:20:WARNING:Ignoring drop_last as it is not compatible with DPDataLoader.
09/30/2026 10:56:36:WARNING:Ignoring drop_last as it is not compatible with DPDataLoader.
09/30/2026 10:56:52:WARNING:Ignoring drop_last as it is not compatible with DPDataLoader.
09/30/2026 10:57:09:WARNING:Ignoring drop_last as it is not compatible with DPDataLoader.
09/30/2026 10:57:25:WARNING:Ignoring drop_last as it is not compatible with DPDataLoader.
09/30/2026 10:57:43:WARNING:Ignoring drop_last as it is not compatible with DPDataLoader.
09/30/2026 10:57:59:WARNING:Ignoring drop_last as it is not compatible with DPDataLoader.
09/30/2026 10:58:19:WARNING:Ignoring drop_last as it is not compatible with DPDataLoader.
09/30/2026 10:58:35:WARNING:Ignoring drop_last as it is not compatible with DPDataLoader.
09/30/2026 10:58:52:WARNING:Ignoring drop_last as it is not compatible with DPDataLoader.
09/30/2026 10:59:08:WARNING:Ignoring drop_last as it is not compatible with DPDataLoader.
09/30/2026 10:59:25:WARNING:Ignoring drop_last as it is not compatible with DPDataLoader.
09/30/2026 10:59:42:WARNING:Ignoring drop_last as it is not compatible with DPDataLoader.
09/30/2026 10:59:58:WARNING:Ignoring drop_last as it is not compatible with DPDataLoader.
09/30/2026 11:00:15:WARNING:Ignoring drop_last as it is not compatible with DPDataLoader.
09/30/2026 11:00:31:WARNING:Ignoring drop_last as it is not compatible with DPDataLoader.
09/30/2026 11:00:48:WARNING:Ignoring drop_last as it is not compatible with DPDataLoader.
09/30/2026 11:01:04:WARNING:Ignoring drop_last as it is not compatible with DPDataLoader.
09/30/2026 11:01:21:WARNING:Ignoring drop_last as it is not compatible with DPDataLoader.
09/30/2026 11:01:41:WARNING:Ignoring drop_last as it is not compatible with DPDataLoader.
09/30/2026 11:01:57:WARNING:Ignoring drop_last as it is not compatible with DPDataLoader.
09/30/2026 11:02:13:WARNING:Ignoring drop_last as it is not compatible with DPDataLoader.
09/30/2026 11:02:29:WARNING:Ignoring drop_last as it is not compatible with DPDataLoader.
09/30/2026 11:02:45:WARNING:Ignoring drop_last as it is not compatible with DPDataLoader.
09/30/2026 11:03:01:WARNING:Ignoring drop_last as it is not compatible with DPDataLoader.
09/30/2026 11:03:18:WARNING:Ignoring drop_last as it is not compatible with DPDataLoader.
09/30/2026 11:03:34:WARNING:Ignoring drop_last as it is not compatible with DPDataLoader.
09/30/2026 11:03:50:WARNING:Ignoring drop_last as it is not compatible with DPDataLoader.
09/30/2026 11:04:07:WARNING:Ignoring drop_last as it is not compatible with DPDataLoader.
09/30/2026 11:04:24:WARNING:Ignoring drop_last as it is not compatible with DPDataLoader.
09/30/2026 11:04:40:WARNING:Ignoring drop_last as it is not compatible with DPDataLoader.
09/30/2026 11:05:00:WARNING:Ignoring drop_last as it is not compatible with DPDataLoader.
09/30/2026 11:05:16:WARNING:Ignoring drop_last as it is not compatible with DPDataLoader.
09/30/2026 11:05:33:WARNING:Ignoring drop_last as it is not compatible with DPDataLoader.
09/30/2026 11:05:49:WARNING:Ignoring drop_last as it is not compatible with DPDataLoader.
09/30/2026 11:06:06:WARNING:Ignoring drop_last as it is not compatible with DPDataLoader.
09/30/2026 11:06:24:WARNING:Ignoring drop_last as it is not compatible with DPDataLoader.
09/30/2026 11:06:43:WARNING:Ignoring drop_last as it is not compatible with DPDataLoader.
09/30/2026 11:06:59:WARNING:Ignoring drop_last as it is not compatible with DPDataLoader.
09/30/2026 11:07:17:WARNING:Ignoring drop_last as it is not compatible with DPDataLoader.
09/30/2026 11:07:36:WARNING:Ignoring drop_last as it is not compatible with DPDataLoader.
09/30/2026 11:07:53:WARNING:Ignoring drop_last as it is not compatible with DPDataLoader.
09/30/2026 11:08:11:WARNING:Ignoring drop_last as it is not compatible with DPDataLoader.
09/30/2026 11:08:32:WARNING:Ignoring drop_last as it is not compatible with DPDataLoader.
09/30/2026 11:08:50:WARNING:Ignoring drop_last as it is not compatible with DPDataLoader.
09/30/2026 11:09:08:WARNING:Ignoring drop_last as it is not compatible with DPDataLoader.
09/30/2026 11:09:26:WARNING:Ignoring drop_last as it is not compatible with DPDataLoader.
09/30/2026 11:09:44:WARNING:Ignoring drop_last as it is not compatible with DPDataLoader.
09/30/2026 11:10:00:WARNING:Ignoring drop_last as it is not compatible with DPDataLoader.
09/30/2026 11:10:15:WARNING:Ignoring drop_last as it is not compatible with DPDataLoader.
09/30/2026 11:10:31:WARNING:Ignoring drop_last as it is not compatible with DPDataLoader.
09/30/2026 11:10:47:WARNING:Ignoring drop_last as it is not compatible with DPDataLoader.
09/30/2026 11:11:04:WARNING:Ignoring drop_last as it is not compatible with DPDataLoader.
09/30/2026 11:11:21:WARNING:Ignoring drop_last as it is not compatible with DPDataLoader.
09/30/2026 11:11:38:WARNING:Ignoring drop_last as it is not compatible with DPDataLoader.
09/30/2026 11:11:59:WARNING:Ignoring drop_last as it is not compatible with DPDataLoader.
09/30/2026 11:12:17:WARNING:Ignoring drop_last as it is not compatible with DPDataLoader.
09/30/2026 11:12:41:WARNING:Ignoring drop_last as it is not compatible with DPDataLoader.
09/30/2026 11:12:59:WARNING:Ignoring drop_last as it is not compatible with DPDataLoader.
09/30/2026 11:13:17:WARNING:Ignoring drop_last as it is not compatible with DPDataLoader.
09/30/2026 11:13:34:WARNING:Ignoring drop_last as it is not compatible with DPDataLoader.
09/30/2026 11:13:49:WARNING:Ignoring drop_last as it is not compatible with DPDataLoader.
09/30/2026 11:14:05:WARNING:Ignoring drop_last as it is not compatible with DPDataLoader.
09/30/2026 11:14:21:WARNING:Ignoring drop_last as it is not compatible with DPDataLoader.
09/30/2026 11:14:37:WARNING:Ignoring drop_last as it is not compatible with DPDataLoader.
09/30/2026 11:14:52:WARNING:Ignoring drop_last as it is not compatible with DPDataLoader.
09/30/2026 11:15:08:WARNING:Ignoring drop_last as it is not compatible with DPDataLoader.
09/30/2026 11:15:27:WARNING:Ignoring drop_last as it is not compatible with DPDataLoader.
09/30/2026 11:15:43:WARNING:Ignoring drop_last as it is not compatible with DPDataLoader.
09/30/2026 11:15:59:WARNING:Ignoring drop_last as it is not compatible with DPDataLoader.
09/30/2026 11:16:15:WARNING:Ignoring drop_last as it is not compatible with DPDataLoader.
09/30/2026 11:16:34:WARNING:Ignoring drop_last as it is not compatible with DPDataLoader.
09/30/2026 11:16:51:WARNING:Ignoring drop_last as it is not compatible with DPDataLoader.
09/30/2026 11:17:08:WARNING:Ignoring drop_last as it is not compatible with DPDataLoader.
09/30/2026 11:17:25:WARNING:Ignoring drop_last as it is not compatible with DPDataLoader.
09/30/2026 11:17:43:WARNING:Ignoring drop_last as it is not compatible with DPDataLoader.
09/30/2026 11:18:00:WARNING:Ignoring drop_last as it is not compatible with DPDataLoader.
09/30/2026 11:18:17:WARNING:Ignoring drop_last as it is not compatible with DPDataLoader.
09/30/2026 11:18:35:WARNING:Ignoring drop_last as it is not compatible with DPDataLoader.
09/30/2026 11:18:55:WARNING:Ignoring drop_last as it is not compatible with DPDataLoader.
09/30/2026 11:19:13:WARNING:Ignoring drop_last as it is not compatible with DPDataLoader.
09/30/2026 11:19:29:WARNING:Ignoring drop_last as it is not compatible with DPDataLoader.
09/30/2026 11:19:47:WARNING:Ignoring drop_last as it is not compatible with DPDataLoader.
09/30/2026 11:20:05:WARNING:Ignoring drop_last as it is not compatible with DPDataLoader.
09/30/2026 11:20:22:WARNING:Ignoring drop_last as it is not compatible with DPDataLoader.
09/30/2026 11:20:39:WARNING:Ignoring drop_last as it is not compatible with DPDataLoader.
09/30/2026 11:20:56:WARNING:Ignoring drop_last as it is not compatible with DPDataLoader.
09/30/2026 11:21:14:WARNING:Ignoring drop_last as it is not compatible with DPDataLoader.
09/30/2026 11:21:33:WARNING:Ignoring drop_last as it is not compatible with DPDataLoader.
09/30/2026 11:21:53:WARNING:Ignoring drop_last as it is not compatible with DPDataLoader.
09/30/2026 11:22:13:WARNING:Ignoring drop_last as it is not compatible with DPDataLoader.
09/30/2026 11:22:33:WARNING:Ignoring drop_last as it is not compatible with DPDataLoader.
09/30/2026 11:22:50:WARNING:Ignoring drop_last as it is not compatible with DPDataLoader.
09/30/2026 11:23:07:WARNING:Ignoring drop_last as it is not compatible with DPDataLoader.
09/30/2026 11:23:26:WARNING:Ignoring drop_last as it is not compatible with DPDataLoader.
09/30/2026 11:23:44:WARNING:Ignoring drop_last as it is not compatible with DPDataLoader.
09/30/2026 11:24:01:WARNING:Ignoring drop_last as it is not compatible with DPDataLoader.
09/30/2026 11:24:18:WARNING:Ignoring drop_last as it is not compatible with DPDataLoader.
09/30/2026 11:24:36:WARNING:Ignoring drop_last as it is not compatible with DPDataLoader.
09/30/2026 11:24:54:WARNING:Ignoring drop_last as it is not compatible with DPDataLoader.
09/30/2026 11:25:12:WARNING:Ignoring drop_last as it is not compatible with DPDataLoader.
09/30/2026 11:25:30:WARNING:Ignoring drop_last as it is not compatible with DPDataLoader.
09/30/2026 11:25:47:WARNING:Ignoring drop_last as it is not compatible with DPDataLoader.
09/30/2026 11:26:08:WARNING:Ignoring drop_last as it is not compatible with DPDataLoader.
09/30/2026 11:26:25:WARNING:Ignoring drop_last as it is not compatible with DPDataLoader.
09/30/2026 11:26:43:WARNING:Ignoring drop_last as it is not compatible with DPDataLoader.
09/30/2026 11:27:00:WARNING:Ignoring drop_last as it is not compatible with DPDataLoader.
09/30/2026 11:27:18:WARNING:Ignoring drop_last as it is not compatible with DPDataLoader.
09/30/2026 11:27:36:WARNING:Ignoring drop_last as it is not compatible with DPDataLoader.
09/30/2026 11:27:55:WARNING:Ignoring drop_last as it is not compatible with DPDataLoader.
09/30/2026 11:28:13:WARNING:Ignoring drop_last as it is not compatible with DPDataLoader.
09/30/2026 11:28:29:WARNING:Ignoring drop_last as it is not compatible with DPDataLoader.
09/30/2026 11:28:47:WARNING:Ignoring drop_last as it is not compatible with DPDataLoader.
09/30/2026 11:29:03:WARNING:Ignoring drop_last as it is not compatible with DPDataLoader.
09/30/2026 11:29:20:WARNING:Ignoring drop_last as it is not compatible with DPDataLoader.
09/30/2026 11:29:42:WARNING:Ignoring drop_last as it is not compatible with DPDataLoader.
09/30/2026 11:29:59:WARNING:Ignoring drop_last as it is not compatible with DPDataLoader.
09/30/2026 11:30:17:WARNING:Ignoring drop_last as it is not compatible with DPDataLoader.
09/30/2026 11:30:34:WARNING:Ignoring drop_last as it is not compatible with DPDataLoader.
09/30/2026 11:30:52:WARNING:Ignoring drop_last as it is not compatible with DPDataLoader.
09/30/2026 11:31:10:WARNING:Ignoring drop_last as it is not compatible with DPDataLoader.
09/30/2026 11:31:28:WARNING:Ignoring drop_last as it is not compatible with DPDataLoader.
09/30/2026 11:31:45:WARNING:Ignoring drop_last as it is not compatible with DPDataLoader.
09/30/2026 11:32:02:WARNING:Ignoring drop_last as it is not compatible with DPDataLoader.
09/30/2026 11:32:18:WARNING:Ignoring drop_last as it is not compatible with DPDataLoader.
09/30/2026 11:32:34:WARNING:Ignoring drop_last as it is not compatible with DPDataLoader.
09/30/2026 11:32:50:WARNING:Ignoring drop_last as it is not compatible with DPDataLoader.
09/30/2026 11:33:07:WARNING:Ignoring drop_last as it is not compatible with DPDataLoader.
09/30/2026 11:33:15:WARNING:Ignoring drop_last as it is not compatible with DPDataLoader.
09/30/2026 11:33:22:WARNING:Ignoring drop_last as it is not compatible with DPDataLoader.
09/30/2026 11:33:30:WARNING:Ignoring drop_last as it is not compatible with DPDataLoader.
09/30/2026 11:33:37:WARNING:Ignoring drop_last as it is not compatible with DPDataLoader.
09/30/2026 11:33:44:WARNING:Ignoring drop_last as it is not compatible with DPDataLoader.
09/30/2026 11:33:52:WARNING:Ignoring drop_last as it is not compatible with DPDataLoader.
09/30/2026 11:34:00:WARNING:Ignoring drop_last as it is not compatible with DPDataLoader.
09/30/2026 11:34:09:WARNING:Ignoring drop_last as it is not compatible with DPDataLoader.
09/30/2026 11:34:17:WARNING:Ignoring drop_last as it is not compatible with DPDataLoader.
09/30/2026 11:34:25:WARNING:Ignoring drop_last as it is not compatible with DPDataLoader.
09/30/2026 11:34:33:WARNING:Ignoring drop_last as it is not compatible with DPDataLoader.
Device  : cpu
Dataset : NSL-KDD (dataset_nslkdd)
Rounds  : 3 | Epochs/round: 10 | LR: 0.001
Seed    : 42 | Accountant: prv

Loading NSL-KDD...
  Train: 125,973 | Test: 22,544 | Features: 122
  Attack ratio — train: 0.47  test: 0.57

IID splits:
  client1: attack=0.47  n=31,492
  client2: attack=0.47  n=31,492
  client3: attack=0.47  n=31,492
  client4: attack=0.47  n=31,492
Non-IID splits:
  client1: attack=0.10  n=15,000
  client2: attack=0.30  n=15,000
  client3: attack=0.50  n=15,000
  client4: attack=0.70  n=15,000

============================================================
EXPERIMENT: local_iid — Local Baseline (no federation)
============================================================
  Client 1 | n=31,492 | attack=0.47 → Acc=0.8616  F1=0.8802  Recall=0.8932  [TN=7960 FP=1751 FN=1370 TP=11463]
  Client 2 | n=31,492 | attack=0.47 → Acc=0.8583  F1=0.8783  Recall=0.8982  [TN=7823 FP=1888 FN=1306 TP=11527]
  Client 3 | n=31,492 | attack=0.47 → Acc=0.8622  F1=0.8762  Recall=0.8571  [TN=8438 FP=1273 FN=1834 TP=10999]
  Client 4 | n=31,492 | attack=0.47 → Acc=0.8684  F1=0.8922  Recall=0.9569  [TN=7297 FP=2414 FN=553 TP=12280]
  → Average: Acc=0.8626  F1=0.8817  Recall=0.9014  [TN=31518 FP=7326 FN=5063 TP=46269]

============================================================
EXPERIMENT: local_noniid — Local Baseline (no federation)
============================================================
  Client 1 | n=15,000 | attack=0.10 → Acc=0.8060  F1=0.8208  Recall=0.7804  [TN=8156 FP=1555 FN=2818 TP=10015]
  Client 2 | n=15,000 | attack=0.30 → Acc=0.8203  F1=0.8326  Recall=0.7852  [TN=8417 FP=1294 FN=2757 TP=10076]
  Client 3 | n=15,000 | attack=0.50 → Acc=0.8423  F1=0.8581  Recall=0.8382  [TN=8232 FP=1479 FN=2077 TP=10756]
  Client 4 | n=15,000 | attack=0.70 → Acc=0.8352  F1=0.8492  Recall=0.8151  [TN=8369 FP=1342 FN=2373 TP=10460]
  → Average: Acc=0.8260  F1=0.8402  Recall=0.8047  [TN=33174 FP=5670 FN=10025 TP=41307]

============================================================
EXPERIMENT: fl_iid — FL (no DP), 3 rounds, 10 epochs/round
============================================================

  Round 1/3
  Global model: Acc=0.8709  F1=0.8866  Recall=0.8863  [TN=8259 FP=1452 FN=1459 TP=11374]

  Round 2/3
  Global model: Acc=0.8791  F1=0.8980  Recall=0.9352  [TN=7817 FP=1894 FN=832 TP=12001]

  Round 3/3
  Global model: Acc=0.8786  F1=0.8961  Recall=0.9193  [TN=8010 FP=1701 FN=1036 TP=11797]

============================================================
EXPERIMENT: fl_noniid — FL (no DP), 3 rounds, 10 epochs/round
============================================================

  Round 1/3
  Global model: Acc=0.8341  F1=0.8505  Recall=0.8289  [TN=8167 FP=1544 FN=2196 TP=10637]

  Round 2/3
  Global model: Acc=0.8412  F1=0.8574  Recall=0.8389  [TN=8199 FP=1512 FN=2068 TP=10765]

  Round 3/3
  Global model: Acc=0.8662  F1=0.8868  Recall=0.9210  [TN=7709 FP=2002 FN=1014 TP=11819]

============================================================
EXPERIMENT: fl_dp_iid_eps0.5 — FL+DP (ε=0.5, 5 runs)
============================================================

  Run 1/5

  → FL+DP target ε=0.5 (composed over 3 rounds)
     noise_multiplier/client=[5.1562, 5.1562, 5.1562, 5.1562]
     Round 1/3 | ε=0.2782 cumulative | Acc=0.8450  F1=0.8591  Recall=0.8300  [TN=8399 FP=1312 FN=2182 TP=10651]
     Round 2/3 | ε=0.3997 cumulative | Acc=0.8388  F1=0.8568  Recall=0.8474  [TN=8034 FP=1677 FN=1958 TP=10875]
     Round 3/3 | ε=0.4952 cumulative | Acc=0.8097  F1=0.8156  Recall=0.7391  [TN=8770 FP=941 FN=3348 TP=9485]

  Run 2/5

  → FL+DP target ε=0.5 (composed over 3 rounds)
     noise_multiplier/client=[5.1562, 5.1562, 5.1562, 5.1562]
     Round 1/3 | ε=0.2782 cumulative | Acc=0.8720  F1=0.8899  Recall=0.9084  [TN=8000 FP=1711 FN=1175 TP=11658]
     Round 2/3 | ε=0.3997 cumulative | Acc=0.8691  F1=0.8867  Recall=0.8996  [TN=8048 FP=1663 FN=1288 TP=11545]
     Round 3/3 | ε=0.4952 cumulative | Acc=0.8349  F1=0.8449  Recall=0.7902  [TN=8681 FP=1030 FN=2692 TP=10141]

  Run 3/5

  → FL+DP target ε=0.5 (composed over 3 rounds)
     noise_multiplier/client=[5.1562, 5.1562, 5.1562, 5.1562]
     Round 1/3 | ε=0.2782 cumulative | Acc=0.8571  F1=0.8728  Recall=0.8614  [TN=8269 FP=1442 FN=1779 TP=11054]
     Round 2/3 | ε=0.3997 cumulative | Acc=0.8705  F1=0.8900  Recall=0.9202  [TN=7816 FP=1895 FN=1024 TP=11809]
     Round 3/3 | ε=0.4952 cumulative | Acc=0.8509  F1=0.8691  Recall=0.8696  [TN=8024 FP=1687 FN=1674 TP=11159]

  Run 4/5

  → FL+DP target ε=0.5 (composed over 3 rounds)
     noise_multiplier/client=[5.1562, 5.1562, 5.1562, 5.1562]
     Round 1/3 | ε=0.2782 cumulative | Acc=0.8677  F1=0.8881  Recall=0.9218  [TN=7732 FP=1979 FN=1003 TP=11830]
     Round 2/3 | ε=0.3997 cumulative | Acc=0.8307  F1=0.8397  Recall=0.7791  [TN=8729 FP=982 FN=2835 TP=9998]
     Round 3/3 | ε=0.4952 cumulative | Acc=0.8301  F1=0.8380  Recall=0.7721  [TN=8805 FP=906 FN=2924 TP=9909]

  Run 5/5

  → FL+DP target ε=0.5 (composed over 3 rounds)
     noise_multiplier/client=[5.1562, 5.1562, 5.1562, 5.1562]
     Round 1/3 | ε=0.2782 cumulative | Acc=0.8695  F1=0.8893  Recall=0.9206  [TN=7788 FP=1923 FN=1019 TP=11814]
     Round 2/3 | ε=0.3997 cumulative | Acc=0.8450  F1=0.8653  Recall=0.8751  [TN=7819 FP=1892 FN=1603 TP=11230]
     Round 3/3 | ε=0.4952 cumulative | Acc=0.8417  F1=0.8626  Recall=0.8729  [TN=7774 FP=1937 FN=1631 TP=11202]

  Averaged over 5 runs:
    Acc=0.8335±0.0138  F1=0.8461  Recall=0.8088  ε=0.4952

============================================================
EXPERIMENT: fl_dp_iid_eps1.0 — FL+DP (ε=1.0, 5 runs)
============================================================

  Run 1/5

  → FL+DP target ε=1.0 (composed over 3 rounds)
     noise_multiplier/client=[2.7734, 2.7734, 2.7734, 2.7734]
     Round 1/3 | ε=0.5585 cumulative | Acc=0.8792  F1=0.9004  Recall=0.9595  [TN=7507 FP=2204 FN=520 TP=12313]
     Round 2/3 | ε=0.8044 cumulative | Acc=0.8258  F1=0.8411  Recall=0.8099  [TN=8223 FP=1488 FN=2439 TP=10394]
     Round 3/3 | ε=0.9985 cumulative | Acc=0.8242  F1=0.8357  Recall=0.7852  [TN=8504 FP=1207 FN=2756 TP=10077]

  Run 2/5

  → FL+DP target ε=1.0 (composed over 3 rounds)
     noise_multiplier/client=[2.7734, 2.7734, 2.7734, 2.7734]
     Round 1/3 | ε=0.5585 cumulative | Acc=0.8645  F1=0.8849  Recall=0.9149  [TN=7748 FP=1963 FN=1092 TP=11741]
     Round 2/3 | ε=0.8044 cumulative | Acc=0.8473  F1=0.8666  Recall=0.8713  [TN=7921 FP=1790 FN=1652 TP=11181]
     Round 3/3 | ε=0.9985 cumulative | Acc=0.8269  F1=0.8383  Recall=0.7883  [TN=8525 FP=1186 FN=2717 TP=10116]

  Run 3/5

  → FL+DP target ε=1.0 (composed over 3 rounds)
     noise_multiplier/client=[2.7734, 2.7734, 2.7734, 2.7734]
     Round 1/3 | ε=0.5585 cumulative | Acc=0.8475  F1=0.8663  Recall=0.8680  [TN=7967 FP=1744 FN=1694 TP=11139]
     Round 2/3 | ε=0.8044 cumulative | Acc=0.8045  F1=0.8097  Recall=0.7307  [TN=8759 FP=952 FN=3456 TP=9377]
     Round 3/3 | ε=0.9985 cumulative | Acc=0.8166  F1=0.8308  Recall=0.7913  [TN=8254 FP=1457 FN=2678 TP=10155]

  Run 4/5

  → FL+DP target ε=1.0 (composed over 3 rounds)
     noise_multiplier/client=[2.7734, 2.7734, 2.7734, 2.7734]
     Round 1/3 | ε=0.5585 cumulative | Acc=0.8474  F1=0.8611  Recall=0.8311  [TN=8439 FP=1272 FN=2168 TP=10665]
     Round 2/3 | ε=0.8044 cumulative | Acc=0.8297  F1=0.8404  Recall=0.7877  [TN=8595 FP=1116 FN=2724 TP=10109]
     Round 3/3 | ε=0.9985 cumulative | Acc=0.8219  F1=0.8304  Recall=0.7659  [TN=8699 FP=1012 FN=3004 TP=9829]

  Run 5/5

  → FL+DP target ε=1.0 (composed over 3 rounds)
     noise_multiplier/client=[2.7734, 2.7734, 2.7734, 2.7734]
     Round 1/3 | ε=0.5585 cumulative | Acc=0.8626  F1=0.8797  Recall=0.8827  [TN=8119 FP=1592 FN=1505 TP=11328]
     Round 2/3 | ε=0.8044 cumulative | Acc=0.8378  F1=0.8546  Recall=0.8372  [TN=8144 FP=1567 FN=2089 TP=10744]
     Round 3/3 | ε=0.9985 cumulative | Acc=0.8345  F1=0.8494  Recall=0.8201  [TN=8288 FP=1423 FN=2309 TP=10524]

  Averaged over 5 runs:
    Acc=0.8248±0.0059  F1=0.8369  Recall=0.7902  ε=0.9985

============================================================
EXPERIMENT: fl_dp_iid_eps1.64 — FL+DP (ε=1.64, 5 runs)09/30/2026 11:34:42:WARNING:Ignoring drop_last as it is not compatible with DPDataLoader.
09/30/2026 11:34:50:WARNING:Ignoring drop_last as it is not compatible with DPDataLoader.
09/30/2026 11:34:58:WARNING:Ignoring drop_last as it is not compatible with DPDataLoader.
09/30/2026 11:35:05:WARNING:Ignoring drop_last as it is not compatible with DPDataLoader.
09/30/2026 11:35:13:WARNING:Ignoring drop_last as it is not compatible with DPDataLoader.
09/30/2026 11:35:21:WARNING:Ignoring drop_last as it is not compatible with DPDataLoader.
09/30/2026 11:35:30:WARNING:Ignoring drop_last as it is not compatible with DPDataLoader.
09/30/2026 11:35:38:WARNING:Ignoring drop_last as it is not compatible with DPDataLoader.
09/30/2026 11:35:45:WARNING:Ignoring drop_last as it is not compatible with DPDataLoader.
09/30/2026 11:35:53:WARNING:Ignoring drop_last as it is not compatible with DPDataLoader.
09/30/2026 11:36:01:WARNING:Ignoring drop_last as it is not compatible with DPDataLoader.
09/30/2026 11:36:09:WARNING:Ignoring drop_last as it is not compatible with DPDataLoader.
09/30/2026 11:36:18:WARNING:Ignoring drop_last as it is not compatible with DPDataLoader.
09/30/2026 11:36:26:WARNING:Ignoring drop_last as it is not compatible with DPDataLoader.
09/30/2026 11:36:34:WARNING:Ignoring drop_last as it is not compatible with DPDataLoader.
09/30/2026 11:36:42:WARNING:Ignoring drop_last as it is not compatible with DPDataLoader.
09/30/2026 11:36:50:WARNING:Ignoring drop_last as it is not compatible with DPDataLoader.
09/30/2026 11:36:57:WARNING:Ignoring drop_last as it is not compatible with DPDataLoader.
09/30/2026 11:37:06:WARNING:Ignoring drop_last as it is not compatible with DPDataLoader.
09/30/2026 11:37:14:WARNING:Ignoring drop_last as it is not compatible with DPDataLoader.
09/30/2026 11:37:22:WARNING:Ignoring drop_last as it is not compatible with DPDataLoader.
09/30/2026 11:37:30:WARNING:Ignoring drop_last as it is not compatible with DPDataLoader.
09/30/2026 11:37:39:WARNING:Ignoring drop_last as it is not compatible with DPDataLoader.
09/30/2026 11:37:47:WARNING:Ignoring drop_last as it is not compatible with DPDataLoader.
09/30/2026 11:37:56:WARNING:Ignoring drop_last as it is not compatible with DPDataLoader.
09/30/2026 11:38:04:WARNING:Ignoring drop_last as it is not compatible with DPDataLoader.
09/30/2026 11:38:12:WARNING:Ignoring drop_last as it is not compatible with DPDataLoader.
09/30/2026 11:38:19:WARNING:Ignoring drop_last as it is not compatible with DPDataLoader.
09/30/2026 11:38:27:WARNING:Ignoring drop_last as it is not compatible with DPDataLoader.
09/30/2026 11:38:35:WARNING:Ignoring drop_last as it is not compatible with DPDataLoader.
09/30/2026 11:38:43:WARNING:Ignoring drop_last as it is not compatible with DPDataLoader.
09/30/2026 11:38:50:WARNING:Ignoring drop_last as it is not compatible with DPDataLoader.
09/30/2026 11:38:58:WARNING:Ignoring drop_last as it is not compatible with DPDataLoader.
09/30/2026 11:39:06:WARNING:Ignoring drop_last as it is not compatible with DPDataLoader.
09/30/2026 11:39:14:WARNING:Ignoring drop_last as it is not compatible with DPDataLoader.
09/30/2026 11:39:22:WARNING:Ignoring drop_last as it is not compatible with DPDataLoader.
09/30/2026 11:39:30:WARNING:Ignoring drop_last as it is not compatible with DPDataLoader.
09/30/2026 11:39:38:WARNING:Ignoring drop_last as it is not compatible with DPDataLoader.
09/30/2026 11:39:45:WARNING:Ignoring drop_last as it is not compatible with DPDataLoader.
09/30/2026 11:39:53:WARNING:Ignoring drop_last as it is not compatible with DPDataLoader.
09/30/2026 11:40:00:WARNING:Ignoring drop_last as it is not compatible with DPDataLoader.
09/30/2026 11:40:08:WARNING:Ignoring drop_last as it is not compatible with DPDataLoader.
09/30/2026 11:40:15:WARNING:Ignoring drop_last as it is not compatible with DPDataLoader.
09/30/2026 11:40:23:WARNING:Ignoring drop_last as it is not compatible with DPDataLoader.
09/30/2026 11:40:31:WARNING:Ignoring drop_last as it is not compatible with DPDataLoader.
09/30/2026 11:40:38:WARNING:Ignoring drop_last as it is not compatible with DPDataLoader.
09/30/2026 11:40:45:WARNING:Ignoring drop_last as it is not compatible with DPDataLoader.
09/30/2026 11:40:53:WARNING:Ignoring drop_last as it is not compatible with DPDataLoader.
09/30/2026 11:41:10:WARNING:Ignoring drop_last as it is not compatible with DPDataLoader.
09/30/2026 11:42:25:WARNING:Ignoring drop_last as it is not compatible with DPDataLoader.

============================================================

  Run 1/5

  → FL+DP target ε=1.64 (composed over 3 rounds)
     noise_multiplier/client=[1.8555, 1.8555, 1.8555, 1.8555]
     Round 1/3 | ε=0.9175 cumulative | Acc=0.8435  F1=0.8603  Recall=0.8464  [TN=8153 FP=1558 FN=1971 TP=10862]
     Round 2/3 | ε=1.3199 cumulative | Acc=0.8164  F1=0.8269  Recall=0.7700  [TN=8525 FP=1186 FN=2952 TP=9881]
     Round 3/3 | ε=1.6390 cumulative | Acc=0.8149  F1=0.8252  Recall=0.7679  [TN=8515 FP=1196 FN=2978 TP=9855]

  Run 2/5

  → FL+DP target ε=1.64 (composed over 3 rounds)
     noise_multiplier/client=[1.8555, 1.8555, 1.8555, 1.8555]
     Round 1/3 | ε=0.9175 cumulative | Acc=0.8327  F1=0.8415  Recall=0.7798  [TN=8766 FP=945 FN=2826 TP=10007]
     Round 2/3 | ε=1.3199 cumulative | Acc=0.8279  F1=0.8356  Recall=0.7681  [TN=8808 FP=903 FN=2976 TP=9857]
     Round 3/3 | ε=1.6390 cumulative | Acc=0.8166  F1=0.8257  Recall=0.7632  [TN=8616 FP=1095 FN=3039 TP=9794]

  Run 3/5

  → FL+DP target ε=1.64 (composed over 3 rounds)
     noise_multiplier/client=[1.8555, 1.8555, 1.8555, 1.8555]
     Round 1/3 | ε=0.9175 cumulative | Acc=0.8031  F1=0.8074  Recall=0.7249  [TN=8802 FP=909 FN=3530 TP=9303]
     Round 2/3 | ε=1.3199 cumulative | Acc=0.8011  F1=0.8049  Recall=0.7210  [TN=8808 FP=903 FN=3581 TP=9252]
     Round 3/3 | ε=1.6390 cumulative | Acc=0.8180  F1=0.8291  Recall=0.7751  [TN=8495 FP=1216 FN=2886 TP=9947]

  Run 4/5

  → FL+DP target ε=1.64 (composed over 3 rounds)
     noise_multiplier/client=[1.8555, 1.8555, 1.8555, 1.8555]
     Round 1/3 | ε=0.9175 cumulative | Acc=0.8551  F1=0.8723  Recall=0.8689  [TN=8128 FP=1583 FN=1683 TP=11150]
     Round 2/3 | ε=1.3199 cumulative | Acc=0.8277  F1=0.8429  Recall=0.8121  [TN=8237 FP=1474 FN=2411 TP=10422]
     Round 3/3 | ε=1.6390 cumulative | Acc=0.8177  F1=0.8302  Recall=0.7831  [TN=8384 FP=1327 FN=2783 TP=10050]

  Run 5/5

  → FL+DP target ε=1.64 (composed over 3 rounds)
     noise_multiplier/client=[1.8555, 1.8555, 1.8555, 1.8555]
     Round 1/3 | ε=0.9175 cumulative | Acc=0.8542  F1=0.8740  Recall=0.8886  [TN=7854 FP=1857 FN=1430 TP=11403]
     Round 2/3 | ε=1.3199 cumulative | Acc=0.8288  F1=0.8429  Recall=0.8070  [TN=8329 FP=1382 FN=2477 TP=10356]
     Round 3/3 | ε=1.6390 cumulative | Acc=0.8305  F1=0.8435  Recall=0.8023  [TN=8426 FP=1285 FN=2537 TP=10296]

  Averaged over 5 runs:
    Acc=0.8195±0.0056  F1=0.8307  Recall=0.7783  ε=1.6390

============================================================
EXPERIMENT: fl_dp_iid_eps3.0 — FL+DP (ε=3.0, 5 runs)
============================================================

  Run 1/5

  → FL+DP target ε=3.0 (composed over 3 rounds)
     noise_multiplier/client=[1.2231, 1.2231, 1.2231, 1.2231]
     Round 1/3 | ε=1.6928 cumulative | Acc=0.8104  F1=0.8184  Recall=0.7506  [TN=8636 FP=1075 FN=3200 TP=9633]
     Round 2/3 | ε=2.4139 cumulative | Acc=0.8010  F1=0.8138  Recall=0.7639  [TN=8255 FP=1456 FN=3030 TP=9803]
     Round 3/3 | ε=2.9916 cumulative | Acc=0.8165  F1=0.8274  Recall=0.7729  [TN=8488 FP=1223 FN=2914 TP=9919]

  Run 2/5

  → FL+DP target ε=3.0 (composed over 3 rounds)
     noise_multiplier/client=[1.2231, 1.2231, 1.2231, 1.2231]
     Round 1/3 | ε=1.6928 cumulative | Acc=0.8612  F1=0.8784  Recall=0.8802  [TN=8121 FP=1590 FN=1538 TP=11295]
     Round 2/3 | ε=2.4139 cumulative | Acc=0.8215  F1=0.8289  Recall=0.7594  [TN=8774 FP=937 FN=3087 TP=9746]
     Round 3/3 | ε=2.9916 cumulative | Acc=0.8121  F1=0.8196  Recall=0.7498  [TN=8685 FP=1026 FN=3211 TP=9622]

  Run 3/5

  → FL+DP target ε=3.0 (composed over 3 rounds)
     noise_multiplier/client=[1.2231, 1.2231, 1.2231, 1.2231]
     Round 1/3 | ε=1.6928 cumulative | Acc=0.8090  F1=0.8156  Recall=0.7418  [TN=8718 FP=993 FN=3313 TP=9520]
     Round 2/3 | ε=2.4139 cumulative | Acc=0.7947  F1=0.7967  Recall=0.7069  [TN=8843 FP=868 FN=3761 TP=9072]
     Round 3/3 | ε=2.9916 cumulative | Acc=0.8118  F1=0.8239  Recall=0.7735  [TN=8376 FP=1335 FN=2907 TP=9926]

  Run 4/5

  → FL+DP target ε=3.0 (composed over 3 rounds)
     noise_multiplier/client=[1.2231, 1.2231, 1.2231, 1.2231]
     Round 1/3 | ε=1.6928 cumulative | Acc=0.8290  F1=0.8380  Recall=0.7772  [TN=8714 FP=997 FN=2859 TP=9974]
     Round 2/3 | ε=2.4139 cumulative | Acc=0.8206  F1=0.8286  Recall=0.7615  [TN=8728 FP=983 FN=3061 TP=9772]
     Round 3/3 | ε=2.9916 cumulative | Acc=0.8207  F1=0.8310  Recall=0.7746  [TN=8560 FP=1151 FN=2892 TP=9941]

  Run 5/5

  → FL+DP target ε=3.0 (composed over 3 rounds)
     noise_multiplier/client=[1.2231, 1.2231, 1.2231, 1.2231]
     Round 1/3 | ε=1.6928 cumulative | Acc=0.8284  F1=0.8421  Recall=0.8037  [TN=8361 FP=1350 FN=2519 TP=10314]
     Round 2/3 | ε=2.4139 cumulative | Acc=0.8168  F1=0.8247  Recall=0.7570  [TN=8699 FP=1012 FN=3118 TP=9715]
     Round 3/3 | ε=2.9916 cumulative | Acc=0.8150  F1=0.8255  Recall=0.7687  [TN=8509 FP=1202 FN=2968 TP=9865]

  Averaged over 5 runs:
    Acc=0.8152±0.0032  F1=0.8255  Recall=0.7679  ε=2.9916

============================================================
EXPERIMENT: fl_dp_iid_eps5.0 — FL+DP (ε=5.0, 5 runs)
============================================================

  Run 1/5

  → FL+DP target ε=5.0 (composed over 3 rounds)
     noise_multiplier/client=[0.9277, 0.9277, 0.9277, 0.9277]
     Round 1/3 | ε=2.9112 cumulative | Acc=0.8709  F1=0.8877  Recall=0.8964  [TN=8130 FP=1581 FN=1330 TP=11503]
     Round 2/3 | ε=4.0597 cumulative | Acc=0.8216  F1=0.8325  Recall=0.7787  [TN=8530 FP=1181 FN=2840 TP=9993]
     Round 3/3 | ε=4.9961 cumulative | Acc=0.8131  F1=0.8225  Recall=0.7608  [TN=8567 FP=1144 FN=3070 TP=9763]

  Run 2/5

  → FL+DP target ε=5.0 (composed over 3 rounds)
     noise_multiplier/client=[0.9277, 0.9277, 0.9277, 0.9277]
     Round 1/3 | ε=2.9112 cumulative | Acc=0.8183  F1=0.8351  Recall=0.8083  [TN=8075 FP=1636 FN=2460 TP=10373]
     Round 2/3 | ε=4.0597 cumulative | Acc=0.8088  F1=0.8177  Recall=0.7532  [TN=8567 FP=1144 FN=3167 TP=9666]
     Round 3/3 | ε=4.9961 cumulative | Acc=0.8049  F1=0.8121  Recall=0.7407  [TN=8641 FP=1070 FN=3328 TP=9505]

  Run 3/5

  → FL+DP target ε=5.0 (composed over 3 rounds)
     noise_multiplier/client=[0.9277, 0.9277, 0.9277, 0.9277]
     Round 1/3 | ε=2.9112 cumulative | Acc=0.8212  F1=0.8364  Recall=0.8029  [TN=8211 FP=1500 FN=2530 TP=10303]
     Round 2/3 | ε=4.0597 cumulative | Acc=0.8208  F1=0.8313  Recall=0.7756  [TN=8551 FP=1160 FN=2880 TP=9953]
     Round 3/3 | ε=4.9961 cumulative | Acc=0.8232  F1=0.8360  Recall=0.7917  [TN=8398 FP=1313 FN=2673 TP=10160]

  Run 4/5

  → FL+DP target ε=5.0 (composed over 3 rounds)
     noise_multiplier/client=[0.9277, 0.9277, 0.9277, 0.9277]
     Round 1/3 | ε=2.9112 cumulative | Acc=0.8026  F1=0.8086  Recall=0.7325  [TN=8693 FP=1018 FN=3433 TP=9400]
     Round 2/3 | ε=4.0597 cumulative | Acc=0.8123  F1=0.8245  Recall=0.7743  [TN=8377 FP=1334 FN=2897 TP=9936]
     Round 3/3 | ε=4.9961 cumulative | Acc=0.8182  F1=0.8275  Recall=0.7660  [TN=8616 FP=1095 FN=3003 TP=9830]

  Run 5/5

  → FL+DP target ε=5.0 (composed over 3 rounds)
     noise_multiplier/client=[0.9277, 0.9277, 0.9277, 0.9277]
     Round 1/3 | ε=2.9112 cumulative | Acc=0.8303  F1=0.8399  Recall=0.7817  [TN=8688 FP=1023 FN=2802 TP=10031]
     Round 2/3 | ε=4.0597 cumulative | Acc=0.8209  F1=0.8321  Recall=0.7792  [TN=8507 FP=1204 FN=2833 TP=10000]
     Round 3/3 | ε=4.9961 cumulative | Acc=0.8157  F1=0.8247  Recall=0.7618  [TN=8613 FP=1098 FN=3057 TP=9776]

  Averaged over 5 runs:
    Acc=0.8150±0.0061  F1=0.8246  Recall=0.7642  ε=4.9961

============================================================
EXPERIMENT: fl_dp_noniid_eps1.64 — FL+DP (ε=1.64, 5 runs)
============================================================

  Run 1/5

  → FL+DP target ε=1.64 (composed over 3 rounds)
     noise_multiplier/client=[2.5977, 2.5977, 2.5977, 2.5977]
     Round 1/3 | ε=0.9126 cumulative | Acc=0.8593  F1=0.8794  Recall=0.9012  [TN=7807 FP=1904 FN=1268 TP=11565]
     Round 2/3 | ε=1.3144 cumulative | Acc=0.8594  F1=0.8771  Recall=0.8808  [TN=8072 FP=1639 FN=1530 TP=11303]
     Round 3/3 | ε=1.6329 cumulative | Acc=0.8149  F1=0.8248  Recall=0.7653  [TN=8551 FP=1160 FN=3012 TP=9821]

  Run 2/5

  → FL+DP target ε=1.64 (composed over 3 rounds)
     noise_multiplier/client=[2.5977, 2.5977, 2.5977, 2.5977]
     Round 1/3 | ε=0.9126 cumulative | Acc=0.8578  F1=0.8782  Recall=0.8999  [TN=7790 FP=1921 FN=1284 TP=11549]
     Round 2/3 | ε=1.3144 cumulative | Acc=0.8779  F1=0.8985  Recall=0.9499  [TN=7601 FP=2110 FN=643 TP=12190]
     Round 3/3 | ε=1.6329 cumulative | Acc=0.8502  F1=0.8739  Recall=0.9121  [TN=7462 FP=2249 FN=1128 TP=11705]

  Run 3/5

  → FL+DP target ε=1.64 (composed over 3 rounds)
     noise_multiplier/client=[2.5977, 2.5977, 2.5977, 2.5977]
     Round 1/3 | ε=0.9126 cumulative | Acc=0.8960  F1=0.9138  Recall=0.9688  [TN=7767 FP=1944 FN=401 TP=12432]
     Round 2/3 | ε=1.3144 cumulative | Acc=0.8721  F1=0.8922  Recall=0.9304  [TN=7720 FP=1991 FN=893 TP=11940]
     Round 3/3 | ε=1.6329 cumulative | Acc=0.8463  F1=0.8580  Recall=0.8158  [TN=8610 FP=1101 FN=2364 TP=10469]

  Run 4/5

  → FL+DP target ε=1.64 (composed over 3 rounds)
     noise_multiplier/client=[2.5977, 2.5977, 2.5977, 2.5977]
     Round 1/3 | ε=0.9126 cumulative | Acc=0.8712  F1=0.8874  Recall=0.8918  [TN=8197 FP=1514 FN=1389 TP=11444]
     Round 2/3 | ε=1.3144 cumulative | Acc=0.8820  F1=0.9026  Recall=0.9607  [TN=7554 FP=2157 FN=504 TP=12329]
     Round 3/3 | ε=1.6329 cumulative | Acc=0.8506  F1=0.8692  Recall=0.8717  [TN=7990 FP=1721 FN=1646 TP=11187]

  Run 5/5

  → FL+DP target ε=1.64 (composed over 3 rounds)
     noise_multiplier/client=[2.5977, 2.5977, 2.5977, 2.5977]
     Round 1/3 | ε=0.9126 cumulative | Acc=0.8656  F1=0.8838  Recall=0.8977  [TN=7994 FP=1717 FN=1313 TP=11520]
     Round 2/3 | ε=1.3144 cumulative | Acc=0.8872  F1=0.9067  Recall=0.9628  [TN=7645 FP=2066 FN=477 TP=12356]
     Round 3/3 | ε=1.6329 cumulative | Acc=0.8464  F1=0.8585  Recall=0.8184  [TN=8578 FP=1133 FN=2330 TP=10503]

  Averaged over 5 runs:
    Acc=0.8417±0.0135  F1=0.8569  Recall=0.8367  ε=1.6329

============================================================
EXPERIMENT: Membership Inference — DP Memorisation Demo
  300 training samples | 500 epochs | batch 16
============================================================

  ── NO_DP ──
      epoch 100 | train loss: 0.0004
      epoch 200 | train loss: 0.0000
      epoch 300 | train loss: 0.0000
      epoch 400 | train loss: 0.0000
      epoch 500 | train loss: 0.0000
  Train acc: 0.9967 | Test acc: 0.7979 | Gap: +0.1988
  Loss ratio: 168601088.0× | MI accuracy: 0.6170

  ── DP_EPS1 ──
  noise_mult=19.53
      epoch 100 | train loss: 0.6607 | ε=0.429
      epoch 200 | train loss: 0.4969 | ε=0.621
      epoch 300 | train loss: 0.3129 | ε=0.773
      epoch 400 | train loss: 0.2384 | ε=0.903
      epoch 500 | train loss: 0.2511 | ε=1.019
  Train acc: 0.9233 | Test acc: 0.8766 | Gap: +0.0467
  Loss ratio: 3.5× | MI accuracy: 0.6105

  ── DP_EPS03 ──
  noise_mult=60.00
      epoch 100 | train loss: 0.6892 | ε=0.133
      epoch 200 | train loss: 0.6538 | ε=0.190
      epoch 300 | train loss: 0.6221 | ε=0.234
      epoch 400 | train loss: 0.5573 | ε=0.272
      epoch 500 | train loss: 0.4508 | ε=0.306
  Train acc: 0.9100 | Test acc: 0.8667 | Gap: +0.0433
  Loss ratio: 1.2× | MI accuracy: 0.6040

──────────────────────────────────────────────────────────────────
Setting             ε    Train     Test     Gap   MI Acc   Loss ×
──────────────────────────────────────────────────────────────────
no_dp               —   0.9967   0.7979 +0.1988   0.6170 168601088.0×
dp_eps1          1.02   0.9233   0.8766 +0.0467   0.6105     3.5×
dp_eps03         0.31   0.9100   0.8667 +0.0433   0.6040     1.2×
──────────────────────────────────────────────────────────────────

Total runtime: 101.0 min

================================================================================
SUMMARY TABLE (final / averaged results)
================================================================================
Config                                  Accuracy           F1       Recall   Achieved ε
--------------------------------------------------------------------------------
local_iid                                 0.8626       0.8817       0.9014            —
local_noniid                              0.8260       0.8402       0.8047            —
fl_iid                                    0.8786       0.8961       0.9193            —
fl_noniid                                 0.8662       0.8868       0.9210            —
fl_dp_iid_eps0.5                    0.8335±0.0138       0.8461       0.8088       0.4952
fl_dp_iid_eps1.0                    0.8248±0.0059       0.8369       0.7902       0.9985
fl_dp_iid_eps1.64                   0.8195±0.0056       0.8307       0.7783       1.6390
fl_dp_iid_eps3.0                    0.8152±0.0032       0.8255       0.7679       2.9916
fl_dp_iid_eps5.0                    0.8150±0.0061       0.8246       0.7642       4.9961
fl_dp_noniid_eps1.64                0.8417±0.0135       0.8569       0.8367       1.6329
MI no_dp (ε=—)                            0.6170            —            —            —
MI dp_eps1 (ε=1.02)                       0.6105            —            —         1.02
MI dp_eps03 (ε=0.31)                      0.6040            —            —         0.31
================================================================================

Results saved to: results/results_corrected.json
